🚀 Triggering Marketing Campaign for Blue v0.6.55...
Fetched Supabase users. Current unique count: 190
[Neon Attempt 1/5] Fetching Neon users...
Fetched 166 Neon users.
🎉 Found 232 total unique recipient emails.
[1/232] Sending to shaikh.code.99@gmail.com...
  Attempt 1/3 failed for shaikh.code.99@gmail.com: Timeout
  ✅ Sent
[2/232] Sending to aaftabs0001@gmail.com...
  ✅ Sent
[3/232] Sending to certaco01@gmail.com...
  ✅ Sent
[4/232] Sending to kzeepcalmwegaming@gmail.com...
  ✅ Sent
[5/232] Sending to keepcalmwegaming@gmail.com...
  ✅ Sent
[6/232] Sending to mambaaldrich35@gmail.com...
  ✅ Sent
[7/232] Sending to mambaaldrich@gmail.com...
  ✅ Sent
[8/232] Sending to asad1300@outlook.sa...
  ✅ Sent
[9/232] Sending to purvadhokale8@gmail.com...
  ✅ Sent
[10/232] Sending to purva.thorat.085@gmail.com...
  ✅ Sent
[11/232] Sending to purva.thorat.085@gmail.copm...
  ✅ Sent
[12/232] Sending to alpttk70@gmail.com...
  ✅ Sent
[13/232] Sending to ironmxiden1@gmail.com...
  ✅ Sent
[14/232] Sending to mawais15@gmail.com...
  ✅ Sent
[15/232] Sending to pd.rajendra8@gmail.com...
  ✅ Sent
[16/232] Sending to lykoslegoatdev@gmail.com...
  ✅ Sent
[17/232] Sending to mrxau65@gmail.com...
  ✅ Sent
[18/232] Sending to tebogomailula08@gmail.com...
  ✅ Sent
[19/232] Sending to kimberlyrmunyoro@gmail.com...
  ✅ Sent
[20/232] Sending to danieldeking10@gmail.com...
  ✅ Sent
[21/232] Sending to hariveldi36@gmail.com...
  ✅ Sent
[22/232] Sending to e4e5center@gmail.com...
  ✅ Sent
[23/232] Sending to davidnosh.md@gmail.com...
  ✅ Sent
[24/232] Sending to davidnosh.dr@gmail.com...
  ✅ Sent
[25/232] Sending to sergius1983d@gmail.com...
  ✅ Sent
[26/232] Sending to darkdroid24@icloud.com...
  ✅ Sent
[27/232] Sending to gdyer@qq.com...
  ✅ Sent
[28/232] Sending to businesseud@gmail.com...
  ✅ Sent
[29/232] Sending to daniyalwork2@gmail.com...
  ✅ Sent
[30/232] Sending to ellagabs@gmail.com...
  ✅ Sent
[31/232] Sending to oabajingin@outlook.com...
  ✅ Sent
[32/232] Sending to minajmulla2008@gmail.com...
  ✅ Sent
[33/232] Sending to chahrazadbendriss2003@gmail.com...
  ✅ Sent
[34/232] Sending to madhusuudhanan@gmail.com...
  ✅ Sent
[35/232] Sending to giress865@gmail.com...
  ✅ Sent
[36/232] Sending to miszczukadrian@gmail.com...
  ✅ Sent
[37/232] Sending to rohollah.ba@gmail.com...
  ✅ Sent
[38/232] Sending to mgsmithcanada@gmail.com...
  ✅ Sent
[39/232] Sending to zaydi0426@gmail.com...
  ✅ Sent
[40/232] Sending to 2shreyasp007@gmail.com...
  ✅ Sent
[41/232] Sending to vaishnavishinde1630@gmail.com...
  ✅ Sent
[42/232] Sending to purvathorat08@gmail.com...
  ✅ Sent
[43/232] Sending to gaikwadjeevankumar08@gmail.com...
  ✅ Sent
[44/232] Sending to jonicgamer08@gmail.com...
  ✅ Sent
[45/232] Sending to sumitpatil3416@gmail.com...
  ✅ Sent
[46/232] Sending to sarikas9266@gmail.com...
  ✅ Sent
[47/232] Sending to gamepubg4457@gmail.com...
  ✅ Sent
[48/232] Sending to giovannimvaria@gmail.com...
  ✅ Sent
[49/232] Sending to yogasatriaalfaritzi2@gmail.com...
  ✅ Sent
[50/232] Sending to sozykrb@gmail.com...
  ✅ Sent
[51/232] Sending to deepakbaburi2000@gmail.com...
  ✅ Sent
[52/232] Sending to bazilsdealers@gmail.com...
  ✅ Sent
[53/232] Sending to armantamboli278@gmail.com...
  ✅ Sent
[54/232] Sending to dhanashrighadshi71@gmail.com...
  ✅ Sent
[55/232] Sending to maxencenvx@gmail.com...
  ✅ Sent
[56/232] Sending to hitoh452@gmail.com...
  ✅ Sent
[57/232] Sending to mguisti86@outlook.com...
  ✅ Sent
[58/232] Sending to delt04syncdesk@gmail.com...
  ✅ Sent
[59/232] Sending to tapeji9592@bocably.com...
  ✅ Sent
[60/232] Sending to 2shreyasp07@gmail.com...
  ✅ Sent
[61/232] Sending to asifbagwan9764@gmail.com...
  ✅ Sent
[62/232] Sending to apurvabhakare006@gmail.com...
  ✅ Sent
[63/232] Sending to samayaltv@gmail.com...
  ✅ Sent
[64/232] Sending to tequilasonata@gmail.com...
  ✅ Sent
[65/232] Sending to sansukumar.22j24@kprcas.ac.in...
  ✅ Sent
[66/232] Sending to akash.yadav@ukg.com...
  ✅ Sent
[67/232] Sending to azmemoria.com@gmail.com...
  ✅ Sent
[68/232] Sending to ladojaswini@gmail.com...
  ✅ Sent
[69/232] Sending to shravya.official11@gmail.com...
  ✅ Sent
[70/232] Sending to jonathangamel978@gmail.com...
  ✅ Sent
[71/232] Sending to smerther@gmail.com...
  ✅ Sent
[72/232] Sending to chandrkantmali840@gmail.com...
  ✅ Sent
[73/232] Sending to srikanth97427@gmail.com...
  ✅ Sent
[74/232] Sending to apkasolutionhai@gmail.com...
  ✅ Sent
[75/232] Sending to ngoquoctranhieu.hust@gmail.com...
  ✅ Sent
[76/232] Sending to nitinkhande108@gmail.com...
  ✅ Sent
[77/232] Sending to valanne660@gmail.com...
  ✅ Sent
[78/232] Sending to sp863948@gmail.com...
  ✅ Sent
[79/232] Sending to nicholasgville23@gmail.com...
  ✅ Sent
[80/232] Sending to stevorak13@gmail.com...
  ✅ Sent
[81/232] Sending to baambaangs@gmail.com...
  ✅ Sent
[82/232] Sending to mody_too@hotmail.com...
  ✅ Sent
[83/232] Sending to anujgupta7311@gmail.com...
  ✅ Sent
[84/232] Sending to bhisesanvi@gmail.com...
  ✅ Sent
[85/232] Sending to rachmadherdianto22@gmail.com...
  ✅ Sent
[86/232] Sending to sawantsaloni315@gmail.com...
  ✅ Sent
[87/232] Sending to adsmarco1337@gmail.com...
  ✅ Sent
[88/232] Sending to hursedhimmatov7@gmail.com...
  ✅ Sent
[89/232] Sending to diyorbek20112504@gmail.com...
  ✅ Sent
[90/232] Sending to ishuchun956@gmail.com...
  ✅ Sent
[91/232] Sending to guzuomuse@gmail.com...
  ✅ Sent
[92/232] Sending to gta5accfinn@gmail.com...
  ✅ Sent
[93/232] Sending to soumayaboutinkhar1998@gmail.com...
  ✅ Sent
[94/232] Sending to wecher7@gmail.com...
  ✅ Sent
[95/232] Sending to derek0367@gmail.com...
  ✅ Sent
[96/232] Sending to mrtamboli19@gmail.com...
  ✅ Sent
[97/232] Sending to inzamamulhaq9080@gmail.com...
  ✅ Sent
[98/232] Sending to bdwtiw4935@minitts.net...
  ✅ Sent
[99/232] Sending to tejas.gupta@ext.jiopayments.bank.in...
  ✅ Sent
[100/232] Sending to kaushalk7705@gmail.com...
  ✅ Sent
[101/232] Sending to promodvrindavanam@gmail.com...
  ✅ Sent
[102/232] Sending to sendtoomehboob@gmail.com...
  ✅ Sent
[103/232] Sending to datamysore@gmail.com...
  ✅ Sent
[104/232] Sending to aerotechceoadmin@gmail.com...
  ✅ Sent
[105/232] Sending to 2203105@ritindia.edu...
  ✅ Sent
[106/232] Sending to dufrycustoms@gmail.com...
  ✅ Sent
[107/232] Sending to jimmis783@gmail.com...
  ✅ Sent
[108/232] Sending to abhishekjadhav4058@gmail.com...
  ✅ Sent
[109/232] Sending to luisgerard79uy@gmail.com...
  ✅ Sent
[110/232] Sending to modytoo@gmail.com...
  ✅ Sent
[111/232] Sending to sorreta2@gmail.com...
  ✅ Sent
[112/232] Sending to tolmattisumit@gmail.com...
  ✅ Sent
[113/232] Sending to sumittolmatti@gmail.com...
  ✅ Sent
[114/232] Sending to dufrycustoms2@gmail.com...
  ✅ Sent
[115/232] Sending to mahmud.jibril@ymail.com...
  ✅ Sent
[116/232] Sending to chavan.mrunali2008@gmail.com...
  ✅ Sent
[117/232] Sending to manalipatil782005@gmail.com...
  ✅ Sent
[118/232] Sending to faijshaikh033@gmail.com...
  ✅ Sent
[119/232] Sending to saniyatamboli2007@gmail.com...
  ✅ Sent
[120/232] Sending to anujapatil1728@gmail.com...
  ✅ Sent
[121/232] Sending to shreyashhake8173@gmail.com...
  ✅ Sent
[122/232] Sending to tambolizayd687@gmail.com...
  ✅ Sent
[123/232] Sending to mohamedaroussi682@gmail.com...
  ✅ Sent
[124/232] Sending to shelarvaishnavi160@gmail.com...
  ✅ Sent
[125/232] Sending to siddhidinde41@gmail.com...
  ✅ Sent
[126/232] Sending to blasterf69@gmail.com...
  ✅ Sent
[127/232] Sending to jamaltaha2012@gmail.com...
  ✅ Sent
[128/232] Sending to zayedmulla7338@gmail.com...
  ✅ Sent
[129/232] Sending to shindesanika1904@gmail.com...
  ✅ Sent
[130/232] Sending to atharv1790@gmail.com...
  ✅ Sent
[131/232] Sending to nishakamble473@gmail.com...
  ✅ Sent
[132/232] Sending to radhika@datagenix.in...
  ✅ Sent
[133/232] Sending to aditya@datagenix.in...
  ✅ Sent
[134/232] Sending to manepravin70@gmail.com...
  ✅ Sent
[135/232] Sending to shamithaselvam06@gmail.com...
  ✅ Sent
[136/232] Sending to a0568478042@gmail.com...
  ✅ Sent
[137/232] Sending to teatooth1@outlook.com...
  ✅ Sent
[138/232] Sending to onkarj704@gmail.com...
  ✅ Sent
[139/232] Sending to sesimm327@gmail.com...
  ✅ Sent
[140/232] Sending to sairajdhumal4388@gmail.com...
  ✅ Sent
[141/232] Sending to rahul@tactionsoftware.com...
  ✅ Sent
[142/232] Sending to safinbagwan03@gmail.com...
  ✅ Sent
[143/232] Sending to phataksoham2109@gmail.com...
  ✅ Sent
[144/232] Sending to chavanpranita1509@gmail.com...
  ✅ Sent
[145/232] Sending to albertusels321@gmail.com...
  ✅ Sent
[146/232] Sending to vaishnavichavare421@gmail.com...
  ✅ Sent
[147/232] Sending to thefusionhubofficial@gmail.com...
  ✅ Sent
[148/232] Sending to sanikadhuri94670@gmail.com...
  ✅ Sent
[149/232] Sending to akshayaloklol@gmail.com...
  ✅ Sent
[150/232] Sending to sanikachabuk22@gmail.com...
  ✅ Sent
[151/232] Sending to sanikakarande22@gmail.com...
  ✅ Sent
[152/232] Sending to giorgi.papashvili@gmail.com...
  ✅ Sent
[153/232] Sending to jerryfrostwick@gmail.com...
  ✅ Sent
[154/232] Sending to shinderohan7895@gmail.com...
  ✅ Sent
[155/232] Sending to deepakpatilt8123@gmail.com...
  ✅ Sent
[156/232] Sending to ja03405766340@gmail.com...
  ✅ Sent
[157/232] Sending to jasawantjadhav@gmail.com...
  ✅ Sent
[158/232] Sending to sunitapatil8021983@gmail.com...
  ✅ Sent
[159/232] Sending to patilpranali0823@gmail.com...
  ✅ Sent
[160/232] Sending to amrutajadhav9419@gmail.com...
  ✅ Sent
[161/232] Sending to vadavanesanskruti@gmail.com...
  ✅ Sent
[162/232] Sending to pranalibhute5@gmail.com...
  ✅ Sent
[163/232] Sending to sanikapatil1562006@gmail.com...
  ✅ Sent
[164/232] Sending to pawarmadhura2007@gmail.com...
  ✅ Sent
[165/232] Sending to shreyahake8173@gmail.com...
  ✅ Sent
[166/232] Sending to patilgouri105@gmail.com...
  ✅ Sent
[167/232] Sending to ap3765863@gmail.com...
  ✅ Sent
[168/232] Sending to vaibhavchavan9578@gmail.com...
  ✅ Sent
[169/232] Sending to vaibhavimankar2005@gmail.com...
  ✅ Sent
[170/232] Sending to kalelprafull53@gmail.com...
  ✅ Sent
[171/232] Sending to adityashinde3010200@gmail.com...
  ✅ Sent
[172/232] Sending to nandinichavan8680@gmail.com...
  ✅ Sent
[173/232] Sending to aryaghatage28@gmail.com...
  ✅ Sent
[174/232] Sending to sanikabandgar35@gmail.com...
  ✅ Sent
[175/232] Sending to samruddhimane244@gmail.com...
  ✅ Sent
[176/232] Sending to apurvanikam8659@gmail.com...
  ✅ Sent
[177/232] Sending to patilprathmesh132008@gmail.com...
  ✅ Sent
[178/232] Sending to mrunalij60@gmail.com...
  ✅ Sent
[179/232] Sending to anujagargote@gmail.com...
  ✅ Sent
[180/232] Sending to tanukadam1708@gmail.com...
  ✅ Sent
[181/232] Sending to sanikasalunkhe29102007@gmail.com...
  ✅ Sent
[182/232] Sending to saniyatamboli1511@gmail.com...
  ✅ Sent
[183/232] Sending to sawantshraddha46638@gmail.com...
  ✅ Sent
[184/232] Sending to punamshinde212@gmail.com...
  ✅ Sent
[185/232] Sending to omm227028@gmail.com...
  ✅ Sent
[186/232] Sending to team.core2cover@gmail.com...
  ✅ Sent
[187/232] Sending to 1454omkarande@gmail.com...
  ✅ Sent
[188/232] Sending to sohamphatakssp@gmail.com...
  ✅ Sent
[189/232] Sending to alxwillow99@gmail.com...
  ✅ Sent
[190/232] Sending to omnileshkarande@gmail.com...
  ✅ Sent
[191/232] Sending to test@example.com...
  ✅ Sent
[192/232] Sending to phatakprathamesh7@gmail.com...
  ✅ Sent
[193/232] Sending to gisayav323@lasttea.com...
  ✅ Sent
[194/232] Sending to napravnikmarco29@gmail.com...
  ✅ Sent
[195/232] Sending to sebue@wheelsinc.com.ph...
  ✅ Sent
[196/232] Sending to sundaraabishek@gmail.com...
  ✅ Sent
[197/232] Sending to expired@blue-assistant.local...
  ✅ Sent
[198/232] Sending to rndm99105@gmail.com...
  ✅ Sent
[199/232] Sending to nomprenom88889@gmail.com...
  ✅ Sent
[200/232] Sending to pro@blue-assistant.local...
  ✅ Sent
[201/232] Sending to auriana.princesse.de.volta2@gmail.com...
  ✅ Sent
[202/232] Sending to prakash.rcspl@gmail.com...
  ✅ Sent
[203/232] Sending to atharva.com1234@gmail.com...
  ✅ Sent
[204/232] Sending to jbakerdba2@gmail.com...
  ✅ Sent
[205/232] Sending to lakrymae@gmail.com...
  ✅ Sent
[206/232] Sending to yahoda6214@dyleris.com...
  ✅ Sent
[207/232] Sending to sarhyarh05@gmail.com...
  ✅ Sent
[208/232] Sending to yavuz20karahanli@gmail.com...
  ✅ Sent
[209/232] Sending to venkytsv@gmail.com...
  ✅ Sent
[210/232] Sending to ismailmugdum@gmail.com...
  ✅ Sent
[211/232] Sending to mwachalajay@gmail.com...
  ✅ Sent
[212/232] Sending to eduardo.persofi@gmail.com...
  ✅ Sent
[213/232] Sending to smartcode579@gmail.com...
  ✅ Sent
[214/232] Sending to priyadarshiajitav1990@gmail.com...
  ✅ Sent
[215/232] Sending to kennethndugi@gmail.com...
  ✅ Sent
[216/232] Sending to zaihnoorsalman@gmail.com...
  ✅ Sent
[217/232] Sending to sharankurkoti@gmail.com...
  ✅ Sent
[218/232] Sending to patilomkar9876543210@gmail.com...
  ✅ Sent
[219/232] Sending to groovy.island490@phuturemail.com...
  ✅ Sent
[220/232] Sending to blasterf1337@gmail.com...
  ✅ Sent
[221/232] Sending to sawantvivekmahesh24@gmail.com...
  ✅ Sent
[222/232] Sending to prashants370@gmail.com...
  ✅ Sent
[223/232] Sending to psp.spd@gmail.com...
  ✅ Sent
[224/232] Sending to okgreview@gmail.com...
  ✅ Sent
[225/232] Sending to thanerurajesh@gmail.com...
  ✅ Sent
[226/232] Sending to free@blue-assistant.local...
  ✅ Sent
[227/232] Sending to max@blue-assistant.local...
  ✅ Sent
[228/232] Sending to ashviniplad@gmail.com...
  ✅ Sent
[229/232] Sending to bhatnagashree2622@gmail.com...
  ✅ Sent
[230/232] Sending to mailforgames1301@gmail.com...
  ✅ Sent
[231/232] Sending to sergejmakeev466@gmail.com...
  ✅ Sent
[232/232] Sending to sergeylikee2012@gmail.com...
  ✅ Sent

🎉 v0.6.55 Campaign Complete! Total Sent: 232, Failed: 0
